// Vitest Snapshot v1, https://vitest.dev/guide/snapshot.html

exports[`Router > should create a router with the correct configuration 1`] = `
[
  {
    "children": [
      {
        "element": <Home />,
        "path": "/",
      },
      {
        "element": <PodcastDetails />,
        "path": "/podcast/:id",
      },
    ],
    "element": <Layout />,
    "path": "/",
  },
]
`;
